  Determining projects to restore...
  All projects are up-to-date for restore.
C:\Codes\Nexus\src\Nexus.Core\Ollama\OllamaClient.cs(93,84): warning CS8618: Non-nullable property 'Response' must contain a non-null value when exiting constructor. Consider adding the 'required' modifier or declaring the property as nullable. [C:\Codes\Nexus\src\Nexus.Core\Nexus.Core.csproj]
C:\Codes\Nexus\src\Nexus.Core\Ollama\OllamaClient.cs(91,64): warning CS8618: Non-nullable property 'Models' must contain a non-null value when exiting constructor. Consider adding the 'required' modifier or declaring the property as nullable. [C:\Codes\Nexus\src\Nexus.Core\Nexus.Core.csproj]
C:\Codes\Nexus\src\Nexus.Core\Ollama\OllamaClient.cs(92,69): warning CS8618: Non-nullable property 'Name' must contain a non-null value when exiting constructor. Consider adding the 'required' modifier or declaring the property as nullable. [C:\Codes\Nexus\src\Nexus.Core\Nexus.Core.csproj]
C:\Codes\Nexus\src\Nexus.Core\Services\MetricsService.cs(16,16): warning CS8618: Non-nullable field '_cpuCounter' must contain a non-null value when exiting constructor. Consider adding the 'required' modifier or declaring the field as nullable. [C:\Codes\Nexus\src\Nexus.Core\Nexus.Core.csproj]
C:\Codes\Nexus\src\Nexus.Core\Models\Models.cs(40,23): warning CS8618: Non-nullable property 'DriveName' must contain a non-null value when exiting constructor. Consider adding the 'required' modifier or declaring the property as nullable. [C:\Codes\Nexus\src\Nexus.Core\Nexus.Core.csproj]
C:\Codes\Nexus\src\Nexus.Core\Models\Models.cs(63,23): warning CS8618: Non-nullable property 'Name' must contain a non-null value when exiting constructor. Consider adding the 'required' modifier or declaring the property as nullable. [C:\Codes\Nexus\src\Nexus.Core\Nexus.Core.csproj]
C:\Codes\Nexus\src\Nexus.Core\Models\Models.cs(64,23): warning CS8618: Non-nullable property 'Path' must contain a non-null value when exiting constructor. Consider adding the 'required' modifier or declaring the property as nullable. [C:\Codes\Nexus\src\Nexus.Core\Nexus.Core.csproj]
C:\Codes\Nexus\src\Nexus.Core\Models\Models.cs(19,23): warning CS8618: Non-nullable property 'Name' must contain a non-null value when exiting constructor. Consider adding the 'required' modifier or declaring the property as nullable. [C:\Codes\Nexus\src\Nexus.Core\Nexus.Core.csproj]
C:\Codes\Nexus\src\Nexus.Core\Ollama\OllamaClient.cs(32,35): warning CS8602: Dereference of a possibly null reference. [C:\Codes\Nexus\src\Nexus.Core\Nexus.Core.csproj]
C:\Codes\Nexus\src\Nexus.Core\Ollama\OllamaClient.cs(70,24): warning CS8602: Dereference of a possibly null reference. [C:\Codes\Nexus\src\Nexus.Core\Nexus.Core.csproj]
C:\Codes\Nexus\src\Nexus.Core\Services\StorageScanner.cs(24,41): error CS0246: The type or namespace name 'FileEntry' could not be found (are you missing a using directive or an assembly reference?) [C:\Codes\Nexus\src\Nexus.Core\Nexus.Core.csproj]
C:\Codes\Nexus\src\Nexus.Core\Services\StorageScanner.cs(43,42): error CS1503: Argument 1: cannot convert from 'Nexus.Core.Models.NexusFileEntry' to 'FileEntry' [C:\Codes\Nexus\src\Nexus.Core\Nexus.Core.csproj]
C:\Codes\Nexus\src\Nexus.Core\Services\StorageScanner.cs(51,42): warning CS8600: Converting null literal or possible null value to non-nullable type. [C:\Codes\Nexus\src\Nexus.Core\Nexus.Core.csproj]
C:\Codes\Nexus\src\Nexus.Core\Services\StorageScanner.cs(13,41): warning CS8618: Non-nullable field '_cts' must contain a non-null value when exiting constructor. Consider adding the 'required' modifier or declaring the field as nullable. [C:\Codes\Nexus\src\Nexus.Core\Nexus.Core.csproj]
C:\Codes\Nexus\src\Nexus.Core\Services\StorageScanner.cs(14,52): warning CS8618: Non-nullable event 'ProgressUpdated' must contain a non-null value when exiting constructor. Consider adding the 'required' modifier or declaring the event as nullable. [C:\Codes\Nexus\src\Nexus.Core\Nexus.Core.csproj]
C:\Codes\Nexus\src\Nexus.Core\Services\MetricsService.cs(21,17): warning CA1416: This call site is reachable on all platforms. 'PerformanceCounter.NextValue()' is only supported on: 'windows'. (https://learn.microsoft.com/dotnet/fundamentals/code-analysis/quality-rules/ca1416) [C:\Codes\Nexus\src\Nexus.Core\Nexus.Core.csproj]
C:\Codes\Nexus\src\Nexus.Core\Services\MetricsService.cs(20,31): warning CA1416: This call site is reachable on all platforms. 'PerformanceCounter' is only supported on: 'windows'. (https://learn.microsoft.com/dotnet/fundamentals/code-analysis/quality-rules/ca1416) [C:\Codes\Nexus\src\Nexus.Core\Nexus.Core.csproj]
C:\Codes\Nexus\src\Nexus.Core\Services\MetricsService.cs(49,79): warning CA1416: This call site is reachable on all platforms. 'ManagementBaseObject.this[string]' is only supported on: 'windows'. (https://learn.microsoft.com/dotnet/fundamentals/code-analysis/quality-rules/ca1416) [C:\Codes\Nexus\src\Nexus.Core\Nexus.Core.csproj]
C:\Codes\Nexus\src\Nexus.Core\Services\MetricsService.cs(44,54): warning CA1416: This call site is reachable on all platforms. 'ManagementBaseObject.this[string]' is only supported on: 'windows'. (https://learn.microsoft.com/dotnet/fundamentals/code-analysis/quality-rules/ca1416) [C:\Codes\Nexus\src\Nexus.Core\Nexus.Core.csproj]
C:\Codes\Nexus\src\Nexus.Core\Services\MetricsService.cs(40,39): warning CA1416: This call site is reachable on all platforms. 'ManagementObjectSearcher' is only supported on: 'windows'. (https://learn.microsoft.com/dotnet/fundamentals/code-analysis/quality-rules/ca1416) [C:\Codes\Nexus\src\Nexus.Core\Nexus.Core.csproj]
C:\Codes\Nexus\src\Nexus.Core\Services\MetricsService.cs(49,40): warning CA1416: This call site is reachable on all platforms. 'ManagementDateTimeConverter.ToDateTime(string)' is only supported on: 'windows'. (https://learn.microsoft.com/dotnet/fundamentals/code-analysis/quality-rules/ca1416) [C:\Codes\Nexus\src\Nexus.Core\Nexus.Core.csproj]
C:\Codes\Nexus\src\Nexus.Core\Services\MetricsService.cs(45,53): warning CA1416: This call site is reachable on all platforms. 'ManagementBaseObject.this[string]' is only supported on: 'windows'. (https://learn.microsoft.com/dotnet/fundamentals/code-analysis/quality-rules/ca1416) [C:\Codes\Nexus\src\Nexus.Core\Nexus.Core.csproj]
C:\Codes\Nexus\src\Nexus.Core\Services\MetricsService.cs(42,54): warning CA1416: This call site is reachable on all platforms. 'ManagementObjectSearcher.Get()' is only supported on: 'windows'. (https://learn.microsoft.com/dotnet/fundamentals/code-analysis/quality-rules/ca1416) [C:\Codes\Nexus\src\Nexus.Core\Nexus.Core.csproj]
C:\Codes\Nexus\src\Nexus.Core\Services\MetricsService.cs(33,51): warning CA1416: This call site is reachable on all platforms. 'PerformanceCounter.NextValue()' is only supported on: 'windows'. (https://learn.microsoft.com/dotnet/fundamentals/code-analysis/quality-rules/ca1416) [C:\Codes\Nexus\src\Nexus.Core\Nexus.Core.csproj]

Build FAILED.

C:\Codes\Nexus\src\Nexus.Core\Ollama\OllamaClient.cs(93,84): warning CS8618: Non-nullable property 'Response' must contain a non-null value when exiting constructor. Consider adding the 'required' modifier or declaring the property as nullable. [C:\Codes\Nexus\src\Nexus.Core\Nexus.Core.csproj]
C:\Codes\Nexus\src\Nexus.Core\Ollama\OllamaClient.cs(91,64): warning CS8618: Non-nullable property 'Models' must contain a non-null value when exiting constructor. Consider adding the 'required' modifier or declaring the property as nullable. [C:\Codes\Nexus\src\Nexus.Core\Nexus.Core.csproj]
C:\Codes\Nexus\src\Nexus.Core\Ollama\OllamaClient.cs(92,69): warning CS8618: Non-nullable property 'Name' must contain a non-null value when exiting constructor. Consider adding the 'required' modifier or declaring the property as nullable. [C:\Codes\Nexus\src\Nexus.Core\Nexus.Core.csproj]
C:\Codes\Nexus\src\Nexus.Core\Services\MetricsService.cs(16,16): warning CS8618: Non-nullable field '_cpuCounter' must contain a non-null value when exiting constructor. Consider adding the 'required' modifier or declaring the field as nullable. [C:\Codes\Nexus\src\Nexus.Core\Nexus.Core.csproj]
C:\Codes\Nexus\src\Nexus.Core\Models\Models.cs(40,23): warning CS8618: Non-nullable property 'DriveName' must contain a non-null value when exiting constructor. Consider adding the 'required' modifier or declaring the property as nullable. [C:\Codes\Nexus\src\Nexus.Core\Nexus.Core.csproj]
C:\Codes\Nexus\src\Nexus.Core\Models\Models.cs(63,23): warning CS8618: Non-nullable property 'Name' must contain a non-null value when exiting constructor. Consider adding the 'required' modifier or declaring the property as nullable. [C:\Codes\Nexus\src\Nexus.Core\Nexus.Core.csproj]
C:\Codes\Nexus\src\Nexus.Core\Models\Models.cs(64,23): warning CS8618: Non-nullable property 'Path' must contain a non-null value when exiting constructor. Consider adding the 'required' modifier or declaring the property as nullable. [C:\Codes\Nexus\src\Nexus.Core\Nexus.Core.csproj]
C:\Codes\Nexus\src\Nexus.Core\Models\Models.cs(19,23): warning CS8618: Non-nullable property 'Name' must contain a non-null value when exiting constructor. Consider adding the 'required' modifier or declaring the property as nullable. [C:\Codes\Nexus\src\Nexus.Core\Nexus.Core.csproj]
C:\Codes\Nexus\src\Nexus.Core\Ollama\OllamaClient.cs(32,35): warning CS8602: Dereference of a possibly null reference. [C:\Codes\Nexus\src\Nexus.Core\Nexus.Core.csproj]
C:\Codes\Nexus\src\Nexus.Core\Ollama\OllamaClient.cs(70,24): warning CS8602: Dereference of a possibly null reference. [C:\Codes\Nexus\src\Nexus.Core\Nexus.Core.csproj]
C:\Codes\Nexus\src\Nexus.Core\Services\StorageScanner.cs(51,42): warning CS8600: Converting null literal or possible null value to non-nullable type. [C:\Codes\Nexus\src\Nexus.Core\Nexus.Core.csproj]
C:\Codes\Nexus\src\Nexus.Core\Services\StorageScanner.cs(13,41): warning CS8618: Non-nullable field '_cts' must contain a non-null value when exiting constructor. Consider adding the 'required' modifier or declaring the field as nullable. [C:\Codes\Nexus\src\Nexus.Core\Nexus.Core.csproj]
C:\Codes\Nexus\src\Nexus.Core\Services\StorageScanner.cs(14,52): warning CS8618: Non-nullable event 'ProgressUpdated' must contain a non-null value when exiting constructor. Consider adding the 'required' modifier or declaring the event as nullable. [C:\Codes\Nexus\src\Nexus.Core\Nexus.Core.csproj]
C:\Codes\Nexus\src\Nexus.Core\Services\MetricsService.cs(21,17): warning CA1416: This call site is reachable on all platforms. 'PerformanceCounter.NextValue()' is only supported on: 'windows'. (https://learn.microsoft.com/dotnet/fundamentals/code-analysis/quality-rules/ca1416) [C:\Codes\Nexus\src\Nexus.Core\Nexus.Core.csproj]
C:\Codes\Nexus\src\Nexus.Core\Services\MetricsService.cs(20,31): warning CA1416: This call site is reachable on all platforms. 'PerformanceCounter' is only supported on: 'windows'. (https://learn.microsoft.com/dotnet/fundamentals/code-analysis/quality-rules/ca1416) [C:\Codes\Nexus\src\Nexus.Core\Nexus.Core.csproj]
C:\Codes\Nexus\src\Nexus.Core\Services\MetricsService.cs(49,79): warning CA1416: This call site is reachable on all platforms. 'ManagementBaseObject.this[string]' is only supported on: 'windows'. (https://learn.microsoft.com/dotnet/fundamentals/code-analysis/quality-rules/ca1416) [C:\Codes\Nexus\src\Nexus.Core\Nexus.Core.csproj]
C:\Codes\Nexus\src\Nexus.Core\Services\MetricsService.cs(44,54): warning CA1416: This call site is reachable on all platforms. 'ManagementBaseObject.this[string]' is only supported on: 'windows'. (https://learn.microsoft.com/dotnet/fundamentals/code-analysis/quality-rules/ca1416) [C:\Codes\Nexus\src\Nexus.Core\Nexus.Core.csproj]
C:\Codes\Nexus\src\Nexus.Core\Services\MetricsService.cs(40,39): warning CA1416: This call site is reachable on all platforms. 'ManagementObjectSearcher' is only supported on: 'windows'. (https://learn.microsoft.com/dotnet/fundamentals/code-analysis/quality-rules/ca1416) [C:\Codes\Nexus\src\Nexus.Core\Nexus.Core.csproj]
C:\Codes\Nexus\src\Nexus.Core\Services\MetricsService.cs(49,40): warning CA1416: This call site is reachable on all platforms. 'ManagementDateTimeConverter.ToDateTime(string)' is only supported on: 'windows'. (https://learn.microsoft.com/dotnet/fundamentals/code-analysis/quality-rules/ca1416) [C:\Codes\Nexus\src\Nexus.Core\Nexus.Core.csproj]
C:\Codes\Nexus\src\Nexus.Core\Services\MetricsService.cs(45,53): warning CA1416: This call site is reachable on all platforms. 'ManagementBaseObject.this[string]' is only supported on: 'windows'. (https://learn.microsoft.com/dotnet/fundamentals/code-analysis/quality-rules/ca1416) [C:\Codes\Nexus\src\Nexus.Core\Nexus.Core.csproj]
C:\Codes\Nexus\src\Nexus.Core\Services\MetricsService.cs(42,54): warning CA1416: This call site is reachable on all platforms. 'ManagementObjectSearcher.Get()' is only supported on: 'windows'. (https://learn.microsoft.com/dotnet/fundamentals/code-analysis/quality-rules/ca1416) [C:\Codes\Nexus\src\Nexus.Core\Nexus.Core.csproj]
C:\Codes\Nexus\src\Nexus.Core\Services\MetricsService.cs(33,51): warning CA1416: This call site is reachable on all platforms. 'PerformanceCounter.NextValue()' is only supported on: 'windows'. (https://learn.microsoft.com/dotnet/fundamentals/code-analysis/quality-rules/ca1416) [C:\Codes\Nexus\src\Nexus.Core\Nexus.Core.csproj]
C:\Codes\Nexus\src\Nexus.Core\Services\StorageScanner.cs(24,41): error CS0246: The type or namespace name 'FileEntry' could not be found (are you missing a using directive or an assembly reference?) [C:\Codes\Nexus\src\Nexus.Core\Nexus.Core.csproj]
C:\Codes\Nexus\src\Nexus.Core\Services\StorageScanner.cs(43,42): error CS1503: Argument 1: cannot convert from 'Nexus.Core.Models.NexusFileEntry' to 'FileEntry' [C:\Codes\Nexus\src\Nexus.Core\Nexus.Core.csproj]
    22 Warning(s)
    2 Error(s)

Time Elapsed 00:00:01.16
